.next/types/validator.ts(42,39): error TS2307: Cannot find module '../../src/app/page.js' or its corresponding type declarations.
src/app/api/example/route.ts(5,33): error TS6133: 'createErrorResponse' is declared but its value is never read.
src/lib/env.ts(48,22): error TS2339: Property 'errors' does not exist on type 'ZodError<{ NODE_ENV: "development" | "production" | "test"; DATABASE_URL: string; NEXT_PUBLIC_APP_URL?: string | undefined; CSRF_SECRET?: string | undefined; SESSION_SECRET?: string | undefined; }>'.
src/lib/env.ts(48,38): error TS7006: Parameter 'err' implicitly has an 'any' type.
src/lib/security/auth.ts(126,37): error TS2367: This comparison appears to be unintentional because the types '"user" | undefined' and '"admin"' have no overlap.
src/lib/security/validation.ts(31,31): error TS2339: Property 'errors' does not exist on type 'ZodError<unknown>'.
src/middleware.ts(16,28): error TS6133: 'request' is declared but its value is never read.
tests/setup.ts(9,17): error TS2540: Cannot assign to 'NODE_ENV' because it is a read-only property.
tests/unit/lib/logger.test.ts(7,5): error TS6133: 'Logger' is declared but its value is never read.
tests/unit/lib/logger.test.ts(32,32): error TS2339: Property 'hexaString' does not exist on type 'typeof import("N:/Anamar Haus/Resources/Code Repos/NextJs Bare Bones w Security/nextjs-seo-toolkit/node_modules/fast-check/lib/types/fast-check")'.
tests/unit/lib/logger.test.ts(43,32): error TS2339: Property 'hexaString' does not exist on type 'typeof import("N:/Anamar Haus/Resources/Code Repos/NextJs Bare Bones w Security/nextjs-seo-toolkit/node_modules/fast-check/lib/types/fast-check")'.
tests/unit/lib/logger.test.ts(65,32): error TS2339: Property 'hexaString' does not exist on type 'typeof import("N:/Anamar Haus/Resources/Code Repos/NextJs Bare Bones w Security/nextjs-seo-toolkit/node_modules/fast-check/lib/types/fast-check")'.
tests/unit/security/rate-limit.test.ts(5,5): error TS6133: 'createRateLimiter' is declared but its value is never read.
tests/unit/security/ssrf.test.ts(1,34): error TS6133: 'beforeAll' is declared but its value is never read.
tests/unit/security/ssrf.test.ts(1,45): error TS6133: 'afterAll' is declared but its value is never read.
tests/unit/security/ssrf.test.ts(5,5): error TS6133: 'safeFetch' is declared but its value is never read.
tests/unit/security/ssrf.test.ts(176,28): error TS2551: Property 'webDomain' does not exist on type 'typeof import("N:/Anamar Haus/Resources/Code Repos/NextJs Bare Bones w Security/nextjs-seo-toolkit/node_modules/fast-check/lib/types/fast-check")'. Did you mean 'domain'?
